// Jest Snapshot v1, https://goo.gl/fbAQLP

exports[`InstituteCard tests  Every category is rendered 1`] = `
<div>
  <div
    class="sc-AxirZ gsECqv"
    data-testid="wrapper-institute-card"
  >
    <div
      class="header"
    >
      <h2
        data-testid="header-name"
      >
        Naruto
      </h2>
    </div>
    <div
      class="images"
      data-testid="categories"
    >
      <div
        class="sc-AxjAm gUBFqK"
        data-testid="category-desc1"
      >
        <span
          class="letter"
          data-testid="category-desc1-letter"
        >
          D
        </span>
        <span
          class="description"
          data-testid="category-desc1-description"
        >
          desc1
        </span>
        <span
          class="counter"
          data-testid="category-desc1-counter"
        >
          2
        </span>
        <span
          class="counter"
          data-testid="category-desc1-counter-percentage"
        >
          18.18
          %
        </span>
      </div>
      <div
        class="sc-AxjAm gUBFqK"
        data-testid="category-desc2"
      >
        <span
          class="letter"
          data-testid="category-desc2-letter"
        >
          D
        </span>
        <span
          class="description"
          data-testid="category-desc2-description"
        >
          desc2
        </span>
        <span
          class="counter"
          data-testid="category-desc2-counter"
        >
          4
        </span>
        <span
          class="counter"
          data-testid="category-desc2-counter-percentage"
        >
          36.36
          %
        </span>
      </div>
      <div
        class="sc-AxjAm gUBFqK"
        data-testid="category-desc3"
      >
        <span
          class="letter"
          data-testid="category-desc3-letter"
        >
          D
        </span>
        <span
          class="description"
          data-testid="category-desc3-description"
        >
          desc3
        </span>
        <span
          class="counter"
          data-testid="category-desc3-counter"
        >
          5
        </span>
        <span
          class="counter"
          data-testid="category-desc3-counter-percentage"
        >
          45.45
          %
        </span>
      </div>
    </div>
    <div
      class="total"
    >
      <span
        data-testid="total"
      >
        Total: 
        11
      </span>
    </div>
  </div>
</div>
`;

exports[`InstituteCard tests  Name is rendered on InstituteCard 1`] = `
<div>
  <div
    class="sc-AxirZ gsECqv"
    data-testid="wrapper-institute-card"
  >
    <div
      class="header"
    >
      <h2
        data-testid="header-name"
      >
        Naruto
      </h2>
    </div>
    <div
      class="images"
      data-testid="categories"
    >
      <div
        class="sc-AxjAm gUBFqK"
        data-testid="category-desc1"
      >
        <span
          class="letter"
          data-testid="category-desc1-letter"
        >
          D
        </span>
        <span
          class="description"
          data-testid="category-desc1-description"
        >
          desc1
        </span>
        <span
          class="counter"
          data-testid="category-desc1-counter"
        >
          2
        </span>
        <span
          class="counter"
          data-testid="category-desc1-counter-percentage"
        >
          18.18
          %
        </span>
      </div>
      <div
        class="sc-AxjAm gUBFqK"
        data-testid="category-desc2"
      >
        <span
          class="letter"
          data-testid="category-desc2-letter"
        >
          D
        </span>
        <span
          class="description"
          data-testid="category-desc2-description"
        >
          desc2
        </span>
        <span
          class="counter"
          data-testid="category-desc2-counter"
        >
          4
        </span>
        <span
          class="counter"
          data-testid="category-desc2-counter-percentage"
        >
          36.36
          %
        </span>
      </div>
      <div
        class="sc-AxjAm gUBFqK"
        data-testid="category-desc3"
      >
        <span
          class="letter"
          data-testid="category-desc3-letter"
        >
          D
        </span>
        <span
          class="description"
          data-testid="category-desc3-description"
        >
          desc3
        </span>
        <span
          class="counter"
          data-testid="category-desc3-counter"
        >
          5
        </span>
        <span
          class="counter"
          data-testid="category-desc3-counter-percentage"
        >
          45.45
          %
        </span>
      </div>
    </div>
    <div
      class="total"
    >
      <span
        data-testid="total"
      >
        Total: 
        11
      </span>
    </div>
  </div>
</div>
`;
